// Jest Snapshot v1, https://goo.gl/fbAQLP

exports[`GameMistakeSign correctly rendered 1`] = `
<div
  className="correct"
/>
`;
